........................................................................ [ 20%]
........................................................................ [ 40%]
...............................s........................................ [ 61%]
........................................................................ [ 81%]
...s............................................................         [100%]
